// Jest Snapshot v1, https://goo.gl/fbAQLP

exports[`renders correctly with element 1`] = `
<div
  className="backButton"
  onClick={[Function]}
>
  <svg
    aria-hidden={true}
    className="MuiSvgIcon-root"
    focusable="false"
    viewBox="0 0 24 24"
  >
    <path
      d="M11.67 3.87L9.9 2.1 0 12l9.9 9.9 1.77-1.77L3.54 12z"
    />
  </svg>
  test
</div>
`;

exports[`renders correctly with string 1`] = `
<div
  className="backButton"
  onClick={[Function]}
>
  <svg
    aria-hidden={true}
    className="MuiSvgIcon-root"
    focusable="false"
    viewBox="0 0 24 24"
  >
    <path
      d="M11.67 3.87L9.9 2.1 0 12l9.9 9.9 1.77-1.77L3.54 12z"
    />
  </svg>
  test
</div>
`;
